Acquiring state lock. This may take a few moments...

Terraform used the selected providers to generate the following execution
plan. Resource actions are indicated with the following symbols:
  [32m+[0m create[0m

Terraform will perform the following actions:

[1m  # module.data.aws_secretsmanager_secret.db[0m will be created
[0m  [32m+[0m[0m resource "aws_secretsmanager_secret" "db" {
      [32m+[0m[0m arn                            = (known after apply)
      [32m+[0m[0m force_overwrite_replica_secret = false
      [32m+[0m[0m id                             = (known after apply)
      [32m+[0m[0m name                           = "regional-health/db"
      [32m+[0m[0m name_prefix                    = (known after apply)
      [32m+[0m[0m policy                         = (known after apply)
      [32m+[0m[0m recovery_window_in_days        = 30
      [32m+[0m[0m region                         = "us-east-1"
      [32m+[0m[0m tags_all                       = (known after apply)

      [32m+[0m[0m replica (known after apply)
    }

[1m  # module.data.aws_secretsmanager_secret_version.db[0m will be created
[0m  [32m+[0m[0m resource "aws_secretsmanager_secret_version" "db" {
      [32m+[0m[0m arn                  = (known after apply)
      [32m+[0m[0m has_secret_string_wo = (known after apply)
      [32m+[0m[0m id                   = (known after apply)
      [32m+[0m[0m region               = "us-east-1"
      [32m+[0m[0m secret_arn           = (known after apply)
      [32m+[0m[0m secret_id            = (known after apply)
      [32m+[0m[0m secret_string        = (sensitive value)
      [32m+[0m[0m version_id           = (known after apply)
      [32m+[0m[0m version_stages       = (known after apply)
    }

[1m  # module.service.aws_instance.app[0m will be created
[0m  [32m+[0m[0m resource "aws_instance" "app" {
      [32m+[0m[0m ami                                  = "ami-03cf127a"
      [32m+[0m[0m arn                                  = (known after apply)
      [32m+[0m[0m associate_public_ip_address          = (known after apply)
      [32m+[0m[0m availability_zone                    = (known after apply)
      [32m+[0m[0m disable_api_stop                     = (known after apply)
      [32m+[0m[0m disable_api_termination              = (known after apply)
      [32m+[0m[0m ebs_optimized                        = (known after apply)
      [32m+[0m[0m enable_primary_ipv6                  = (known after apply)
      [32m+[0m[0m force_destroy                        = false
      [32m+[0m[0m get_password_data                    = false
      [32m+[0m[0m host_id                              = (known after apply)
      [32m+[0m[0m host_resource_group_arn              = (known after apply)
      [32m+[0m[0m iam_instance_profile                 = (known after apply)
      [32m+[0m[0m id                                   = (known after apply)
      [32m+[0m[0m instance_initiated_shutdown_behavior = (known after apply)
      [32m+[0m[0m instance_lifecycle                   = (known after apply)
      [32m+[0m[0m instance_state                       = (known after apply)
      [32m+[0m[0m instance_type                        = "t3.small"
      [32m+[0m[0m ipv6_address_count                   = (known after apply)
      [32m+[0m[0m ipv6_addresses                       = (known after apply)
      [32m+[0m[0m key_name                             = (known after apply)
      [32m+[0m[0m monitoring                           = (known after apply)
      [32m+[0m[0m outpost_arn                          = (known after apply)
      [32m+[0m[0m password_data                        = (known after apply)
      [32m+[0m[0m placement_group                      = (known after apply)
      [32m+[0m[0m placement_group_id                   = (known after apply)
      [32m+[0m[0m placement_partition_number           = (known after apply)
      [32m+[0m[0m primary_network_interface_id         = (known after apply)
      [32m+[0m[0m private_dns                          = (known after apply)
      [32m+[0m[0m private_ip                           = (known after apply)
      [32m+[0m[0m public_dns                           = (known after apply)
      [32m+[0m[0m public_ip                            = (known after apply)
      [32m+[0m[0m region                               = "us-east-1"
      [32m+[0m[0m secondary_private_ips                = (known after apply)
      [32m+[0m[0m security_groups                      = (known after apply)
      [32m+[0m[0m source_dest_check                    = true
      [32m+[0m[0m spot_instance_request_id             = (known after apply)
      [32m+[0m[0m subnet_id                            = (known after apply)
      [32m+[0m[0m tags_all                             = (known after apply)
      [32m+[0m[0m tenancy                              = (known after apply)
      [32m+[0m[0m user_data                            = (known after apply)
      [32m+[0m[0m user_data_base64                     = (known after apply)
      [32m+[0m[0m user_data_replace_on_change          = false
      [32m+[0m[0m vpc_security_group_ids               = (known after apply)

      [32m+[0m[0m capacity_reservation_specification (known after apply)

      [32m+[0m[0m cpu_options (known after apply)

      [32m+[0m[0m ebs_block_device (known after apply)

      [32m+[0m[0m enclave_options (known after apply)

      [32m+[0m[0m ephemeral_block_device (known after apply)

      [32m+[0m[0m instance_market_options (known after apply)

      [32m+[0m[0m maintenance_options (known after apply)

      [32m+[0m[0m metadata_options {
          [32m+[0m[0m http_endpoint               = "enabled"
          [32m+[0m[0m http_protocol_ipv6          = "disabled"
          [32m+[0m[0m http_put_response_hop_limit = (known after apply)
          [32m+[0m[0m http_tokens                 = "required"
          [32m+[0m[0m instance_metadata_tags      = (known after apply)
        }

      [32m+[0m[0m network_interface (known after apply)

      [32m+[0m[0m primary_network_interface (known after apply)

      [32m+[0m[0m private_dns_name_options (known after apply)

      [32m+[0m[0m root_block_device {
          [32m+[0m[0m delete_on_termination = true
          [32m+[0m[0m device_name           = (known after apply)
          [32m+[0m[0m encrypted             = true
          [32m+[0m[0m iops                  = (known after apply)
          [32m+[0m[0m kms_key_id            = (known after apply)
          [32m+[0m[0m tags_all              = (known after apply)
          [32m+[0m[0m throughput            = (known after apply)
          [32m+[0m[0m volume_id             = (known after apply)
          [32m+[0m[0m volume_size           = 8
          [32m+[0m[0m volume_type           = (known after apply)
        }

      [32m+[0m[0m secondary_network_interface (known after apply)
    }

[1m  # module.service.aws_security_group.app[0m will be created
[0m  [32m+[0m[0m resource "aws_security_group" "app" {
      [32m+[0m[0m arn                    = (known after apply)
      [32m+[0m[0m description            = "Ingress for app port scoped to VPC CIDR."
      [32m+[0m[0m egress                 = [
          [32m+[0m[0m {
              [32m+[0m[0m cidr_blocks      = [
                  [32m+[0m[0m "10.0.0.0/16",
                ]
              [32m+[0m[0m description      = "Outbound to VPC only"
              [32m+[0m[0m from_port        = 0
              [32m+[0m[0m ipv6_cidr_blocks = []
              [32m+[0m[0m prefix_list_ids  = []
              [32m+[0m[0m protocol         = "-1"
              [32m+[0m[0m security_groups  = []
              [32m+[0m[0m self             = false
              [32m+[0m[0m to_port          = 0
            },
        ]
      [32m+[0m[0m id                     = (known after apply)
      [32m+[0m[0m ingress                = [
          [32m+[0m[0m {
              [32m+[0m[0m cidr_blocks      = [
                  [32m+[0m[0m "10.0.0.0/16",
                ]
              [32m+[0m[0m description      = "App port from VPC"
              [32m+[0m[0m from_port        = 3000
              [32m+[0m[0m ipv6_cidr_blocks = []
              [32m+[0m[0m prefix_list_ids  = []
              [32m+[0m[0m protocol         = "tcp"
              [32m+[0m[0m security_groups  = []
              [32m+[0m[0m self             = false
              [32m+[0m[0m to_port          = 3000
            },
        ]
      [32m+[0m[0m name                   = "capacity-api"
      [32m+[0m[0m name_prefix            = (known after apply)
      [32m+[0m[0m owner_id               = (known after apply)
      [32m+[0m[0m region                 = "us-east-1"
      [32m+[0m[0m revoke_rules_on_delete = false
      [32m+[0m[0m tags_all               = (known after apply)
      [32m+[0m[0m vpc_id                 = (known after apply)
    }

[1mPlan:[0m 4 to add, 0 to change, 0 to destroy.
[0m
Changes to Outputs:
  [32m+[0m[0m app_url     = (known after apply)
  [32m+[0m[0m db_endpoint = "mysql-8b528bc-regional-health.h.aivencloud.com"
  [32m+[0m[0m db_port     = 10345
  [32m+[0m[0m instance_id = (known after apply)
  [32m+[0m[0m secret_arn  = (sensitive value)
[0m[1mmodule.data.aws_secretsmanager_secret.db: Creating...[0m[0m
[0m[1mmodule.service.aws_security_group.app: Creating...[0m[0m
[0m[1mmodule.data.aws_secretsmanager_secret.db: Creation complete after 0s [id=arn:aws:secretsmanager:us-east-1:000000000000:secret:regional-health/db-swdmaZ][0m
[0m[1mmodule.data.aws_secretsmanager_secret_version.db: Creating...[0m[0m
[0m[1mmodule.data.aws_secretsmanager_secret_version.db: Creation complete after 0s [id=arn:aws:secretsmanager:us-east-1:000000000000:secret:regional-health/db-swdmaZ|terraform-FbQKQXtrwBoiUdVRv6rLSzEdA9][0m
[0m[1mmodule.service.aws_security_group.app: Creation complete after 0s [id=sg-203ccb16fbccbe977][0m
[0m[1mmodule.service.aws_instance.app: Creating...[0m[0m
[0m[1mmodule.service.aws_instance.app: Still creating... [10s elapsed][0m[0m
[0m[1mmodule.service.aws_instance.app: Creation complete after 10s [id=i-3a9879d6e96a2c111][0m
[0m[1m[32m
Apply complete! Resources: 4 added, 0 changed, 0 destroyed.
[0m[0m[1m[32m
Outputs:

[0mapp_url = "http://54.214.105.206:3000"
db_endpoint = "mysql-8b528bc-regional-health.h.aivencloud.com"
db_port = 10345
instance_id = "i-3a9879d6e96a2c111"
secret_arn = <sensitive>
